// Vitest Snapshot v1, https://vitest.dev/guide/snapshot.html

exports[`clipboard feedback and cleanup > announces failed fallback (false) without leaving private text in the DOM > failed copy control 1`] = `"<button type="button" class="inline-flex h-8 shrink-0 items-center justify-center gap-1.5 rounded-md border border-border bg-background px-2.5 text-sm font-medium text-foreground transition hover:bg-muted disabled:opacity-50" aria-label="Copy" title="Copy"><svg xmlns="http://www.w3.org/2000/svg" width="24" height="24" viewBox="0 0 24 24" fill="none" stroke="currentColor" stroke-width="2" stroke-linecap="round" stroke-linejoin="round" class="lucide lucide-copy size-4" aria-hidden="true"><rect width="14" height="14" x="8" y="8" rx="2" ry="2"></rect><path d="M4 16c-1.1 0-2-.9-2-2V4c0-1.1.9-2 2-2h10c1.1 0 2 .9 2 2"></path></svg><span class="sr-only" aria-live="polite">Copy failed</span></button>"`;

exports[`clipboard feedback and cleanup > announces failed fallback (throw) without leaving private text in the DOM > failed copy control 1`] = `"<button type="button" class="inline-flex h-8 shrink-0 items-center justify-center gap-1.5 rounded-md border border-border bg-background px-2.5 text-sm font-medium text-foreground transition hover:bg-muted disabled:opacity-50" aria-label="Copy" title="Copy"><svg xmlns="http://www.w3.org/2000/svg" width="24" height="24" viewBox="0 0 24 24" fill="none" stroke="currentColor" stroke-width="2" stroke-linecap="round" stroke-linejoin="round" class="lucide lucide-copy size-4" aria-hidden="true"><rect width="14" height="14" x="8" y="8" rx="2" ry="2"></rect><path d="M4 16c-1.1 0-2-.9-2-2V4c0-1.1.9-2 2-2h10c1.1 0 2 .9 2 2"></path></svg><span class="sr-only" aria-live="polite">Copy failed</span></button>"`;

exports[`clipboard feedback and cleanup > copies the exact value, announces success and restores the label after the deadline > idle copy control 1`] = `"<button type="button" class="inline-flex h-8 shrink-0 items-center justify-center gap-1.5 rounded-md border border-border bg-background px-2.5 text-sm font-medium text-foreground transition hover:bg-muted disabled:opacity-50 custom" aria-label="Copy" title="Copy"><svg xmlns="http://www.w3.org/2000/svg" width="24" height="24" viewBox="0 0 24 24" fill="none" stroke="currentColor" stroke-width="2" stroke-linecap="round" stroke-linejoin="round" class="lucide lucide-copy size-4" aria-hidden="true"><rect width="14" height="14" x="8" y="8" rx="2" ry="2"></rect><path d="M4 16c-1.1 0-2-.9-2-2V4c0-1.1.9-2 2-2h10c1.1 0 2 .9 2 2"></path></svg><span class="sr-only" aria-live="polite">Copy</span></button>"`;

exports[`clipboard feedback and cleanup > copies the exact value, announces success and restores the label after the deadline > successful copy control 1`] = `"<button type="button" class="inline-flex h-8 shrink-0 items-center justify-center gap-1.5 rounded-md border border-border bg-background px-2.5 text-sm font-medium text-foreground transition hover:bg-muted disabled:opacity-50 custom" aria-label="Copied" title="Copied"><svg xmlns="http://www.w3.org/2000/svg" width="24" height="24" viewBox="0 0 24 24" fill="none" stroke="currentColor" stroke-width="2" stroke-linecap="round" stroke-linejoin="round" class="lucide lucide-check size-4" aria-hidden="true"><path d="M20 6 9 17l-5-5"></path></svg><span class="sr-only" aria-live="polite">Copied</span></button>"`;
