// Vitest Snapshot v1, https://vitest.dev/guide/snapshot.html

exports[`command suggestions > offers and inserts tokens for "   hello st  " > unmatched search without empty popup 1`] = `"<div class="relative"><svg xmlns="http://www.w3.org/2000/svg" width="24" height="24" viewBox="0 0 24 24" fill="none" stroke="currentColor" stroke-width="2" stroke-linecap="round" stroke-linejoin="round" class="lucide lucide-search pointer-events-none absolute top-2.5 left-3 size-4 text-muted-foreground" aria-hidden="true"><path d="m21 21-4.34-4.34"></path><circle cx="11" cy="11" r="8"></circle></svg><input class="h-10 w-full rounded-md border border-input bg-background pr-3 pl-9 text-sm" placeholder="Search..." value="   hello st  "></div>"`;

exports[`command suggestions > offers and inserts tokens for "" > unmatched search without empty popup 1`] = `"<div class="relative"><svg xmlns="http://www.w3.org/2000/svg" width="24" height="24" viewBox="0 0 24 24" fill="none" stroke="currentColor" stroke-width="2" stroke-linecap="round" stroke-linejoin="round" class="lucide lucide-search pointer-events-none absolute top-2.5 left-3 size-4 text-muted-foreground" aria-hidden="true"><path d="m21 21-4.34-4.34"></path><circle cx="11" cy="11" r="8"></circle></svg><input class="h-10 w-full rounded-md border border-input bg-background pr-3 pl-9 text-sm" placeholder="Search..." value=""></div>"`;

exports[`command suggestions > offers and inserts tokens for "Ow" > unmatched search without empty popup 1`] = `"<div class="relative"><svg xmlns="http://www.w3.org/2000/svg" width="24" height="24" viewBox="0 0 24 24" fill="none" stroke="currentColor" stroke-width="2" stroke-linecap="round" stroke-linejoin="round" class="lucide lucide-search pointer-events-none absolute top-2.5 left-3 size-4 text-muted-foreground" aria-hidden="true"><path d="m21 21-4.34-4.34"></path><circle cx="11" cy="11" r="8"></circle></svg><input class="h-10 w-full rounded-md border border-input bg-background pr-3 pl-9 text-sm" placeholder="Search..." value="Ow"></div>"`;

exports[`command suggestions > offers and inserts tokens for "hello st" > unmatched search without empty popup 1`] = `"<div class="relative"><svg xmlns="http://www.w3.org/2000/svg" width="24" height="24" viewBox="0 0 24 24" fill="none" stroke="currentColor" stroke-width="2" stroke-linecap="round" stroke-linejoin="round" class="lucide lucide-search pointer-events-none absolute top-2.5 left-3 size-4 text-muted-foreground" aria-hidden="true"><path d="m21 21-4.34-4.34"></path><circle cx="11" cy="11" r="8"></circle></svg><input class="h-10 w-full rounded-md border border-input bg-background pr-3 pl-9 text-sm" placeholder="Search..." value="hello st"></div>"`;

exports[`command suggestions > offers and inserts tokens for "owner:me " > unmatched search without empty popup 1`] = `"<div class="relative"><svg xmlns="http://www.w3.org/2000/svg" width="24" height="24" viewBox="0 0 24 24" fill="none" stroke="currentColor" stroke-width="2" stroke-linecap="round" stroke-linejoin="round" class="lucide lucide-search pointer-events-none absolute top-2.5 left-3 size-4 text-muted-foreground" aria-hidden="true"><path d="m21 21-4.34-4.34"></path><circle cx="11" cy="11" r="8"></circle></svg><input class="h-10 w-full rounded-md border border-input bg-background pr-3 pl-9 text-sm" placeholder="Search..." value="owner:me "></div>"`;

exports[`command suggestions > offers and inserts tokens for "status:open" > unmatched search without empty popup 1`] = `"<div class="relative"><svg xmlns="http://www.w3.org/2000/svg" width="24" height="24" viewBox="0 0 24 24" fill="none" stroke="currentColor" stroke-width="2" stroke-linecap="round" stroke-linejoin="round" class="lucide lucide-search pointer-events-none absolute top-2.5 left-3 size-4 text-muted-foreground" aria-hidden="true"><path d="m21 21-4.34-4.34"></path><circle cx="11" cy="11" r="8"></circle></svg><input class="h-10 w-full rounded-md border border-input bg-background pr-3 pl-9 text-sm" placeholder="Search..." value="status:open"></div>"`;
